// Vitest Snapshot v1, https://vitest.dev/guide/snapshot.html

exports[`objectUtils > copyWithoutUndefined > Does nothing when there are no undefined fields 1`] = `
{
  "a": "a",
  "b": "",
  "c": " ",
  "d": null,
  "e": {},
}
`;

exports[`objectUtils > copyWithoutUndefined > Removes undefined fields 1`] = `
{
  "b": "a",
  "c": "",
  "e": " ",
  "f": null,
  "g": {
    "someParam": 12,
  },
}
`;
